I'm sorry, but errors were detected in your script. Please correct the
errors listed below, and try again.


File "game/script.rpy", line 13: init statement expects a non-empty block.
    init:
         ^

Ren'Py Version: Ren'Py 7.3.5.606
Thu Nov 19 16:52:18 2020
